// Jest Snapshot v1, https://goo.gl/fbAQLP

exports[`makeOutdatedPkgChoices should render choices in correct order 1`] = `
Array [
  Object {
    "choices": Array [
      Object {
        "message": "foo [90m(runtime)[39m 1.0.0 ‚ùØ [91m[1m2.0.0[22m[39m ",
        "name": Object {
          "currentRange": "1.0.0",
          "latestRange": "2.0.0",
          "name": "foo",
          "source": "rootPolicy",
          "targetField": "dependencies",
        },
      },
      Object {
        "message": "qar [90m(runtime)[39m 1.0.0 ‚ùØ 1.[92m[1m1.0[22m[39m ",
        "name": Object {
          "currentRange": "1.0.0",
          "latestRange": "1.1.0",
          "name": "qar",
          "source": "rootPolicy",
          "targetField": "dependencies",
        },
      },
      Object {
        "message": "zoo [90m(dev)[39m     1.0.0 ‚ùØ 1.[92m[1m1.0[22m[39m ",
        "name": Object {
          "currentRange": "1.0.0",
          "latestRange": "1.1.0",
          "name": "zoo",
          "source": "rootPolicy",
          "targetField": "devDependencies",
        },
      },
      Object {
        "message": "bar [90m(peer)[39m    1.0.0 ‚ùØ 1.[92m[1m1.0[22m[39m ",
        "name": Object {
          "currentRange": "1.0.0",
          "latestRange": "1.1.0",
          "name": "bar",
          "source": "rootPolicy",
          "targetField": "peerDependencies",
        },
      },
    ],
    "message": "[36mRoot policies[39m",
  },
]
`;

exports[`makeOutdatedPkgChoices should render choices with context information 1`] = `
Array [
  Object {
    "choices": Array [
      Object {
        "message": "foo [90m(runtime)[39m 1.0.0 ‚ùØ [91m[1m2.0.0[22m[39m ",
        "name": Object {
          "componentId": "comp1",
          "currentRange": "1.0.0",
          "latestRange": "2.0.0",
          "name": "foo",
          "source": "component",
          "targetField": "dependencies",
        },
      },
    ],
    "message": "[36mcomp1 (component)[39m",
  },
  Object {
    "choices": Array [
      Object {
        "message": "bar [90m(peer)[39m    1.0.0 ‚ùØ 1.[92m[1m1.0[22m[39m ",
        "name": Object {
          "currentRange": "1.0.0",
          "latestRange": "1.1.0",
          "name": "bar",
          "source": "variants",
          "targetField": "peerDependencies",
          "variantPattern": "{comp2}",
        },
      },
    ],
    "message": "[36m{comp2} (variant)[39m",
  },
]
`;
